// Jest Snapshot v1, https://goo.gl/fbAQLP

exports[`should render ExpenseLitItem correctly 1`] = `
<div>
  <Link
    to="/edit/1"
  >
    <h3>
      Coffee
    </h3>
  </Link>
  <p>
    150
     - 
    0
     
  </p>
</div>
`;
